26-01-16 10:13:13 [main] INFO  44ogger -HHH000412: Hibernate ORM core version 5.4.33
26-01-16 10:13:16 [main] WARN  60ogger -HHH020100: The Ehcache second-level cache provider for Hibernate is deprecated.  See https://hibernate.atlassian.net/browse/HHH-12441 for details.
26-01-16 10:13:16 [main] INFO  56ogger -HCANN000001: Hibernate Commons Annotations {5.1.2.Final}
26-01-16 10:13:16 [main] WARN  72ogger -HHH10001002: Using Hibernate built-in connection pool (not for production use!)
26-01-16 10:13:16 [main] INFO  115ogger -HHH10001005: using driver [com.mysql.cj.jdbc.Driver] at URL [jdbc:mysql://localhost:3306/nadra_system]
26-01-16 10:13:16 [main] INFO  124ogger -HHH10001001: Connection properties: {password=****, user=root}
26-01-16 10:13:16 [main] INFO  129ogger -HHH10001003: Autocommit mode: false
26-01-16 10:13:16 [main] INFO  259ogger -HHH000115: Hibernate connection pool size: 20 (min=1)
26-01-16 10:13:17 [main] INFO  175ogger -HHH000400: Using dialect: org.hibernate.dialect.MySQL5Dialect
26-01-16 10:13:17 [main] INFO  97ogger -Envers integration enabled? : true
26-01-16 10:13:20 [main] WARN  155ogger -HHH90001006: Missing cache[hibernate.cache.default-update-timestamps-region] was created on-the-fly. The created cache will use a provider-specific default configuration: make sure you defined one. You can disable this warning by setting 'hibernate.cache.ehcache.missing_cache_strategy' to 'create'.
26-01-16 10:13:20 [main] WARN  155ogger -HHH90001006: Missing cache[hibernate.cache.default-query-results-region] was created on-the-fly. The created cache will use a provider-specific default configuration: make sure you defined one. You can disable this warning by setting 'hibernate.cache.ehcache.missing_cache_strategy' to 'create'.
26-01-16 10:13:20 [main] WARN  155ogger -HHH90001006: Missing cache[hibernate.cache.com.entity.Countries] was created on-the-fly. The created cache will use a provider-specific default configuration: make sure you defined one. You can disable this warning by setting 'hibernate.cache.ehcache.missing_cache_strategy' to 'create'.
26-01-16 10:13:20 [main] WARN  155ogger -HHH90001006: Missing cache[hibernate.cache.com.entity.Users] was created on-the-fly. The created cache will use a provider-specific default configuration: make sure you defined one. You can disable this warning by setting 'hibernate.cache.ehcache.missing_cache_strategy' to 'create'.
26-01-16 10:13:20 [main] WARN  155ogger -HHH90001006: Missing cache[hibernate.cache.com.entity.Districts] was created on-the-fly. The created cache will use a provider-specific default configuration: make sure you defined one. You can disable this warning by setting 'hibernate.cache.ehcache.missing_cache_strategy' to 'create'.
26-01-16 10:13:20 [main] WARN  155ogger -HHH90001006: Missing cache[hibernate.cache.com.entity.Provinces] was created on-the-fly. The created cache will use a provider-specific default configuration: make sure you defined one. You can disable this warning by setting 'hibernate.cache.ehcache.missing_cache_strategy' to 'create'.
26-01-16 10:13:20 [main] WARN  155ogger -HHH90001006: Missing cache[hibernate.cache.com.entity.LoggedIn] was created on-the-fly. The created cache will use a provider-specific default configuration: make sure you defined one. You can disable this warning by setting 'hibernate.cache.ehcache.missing_cache_strategy' to 'create'.
26-01-16 10:13:22 [main] INFO  47ogger -HHH10001501: Connection obtained from JdbcConnectionAccess [org.hibernate.engine.jdbc.env.internal.JdbcEnvironmentInitiator$ConnectionProviderJdbcConnectionAccess@39df2652] for (non-JTA) DDL execution was not in auto-commit mode; the Connection 'local transaction' will be committed and the Connection will be set into auto-commit mode.
26-01-16 10:13:22 [main] INFO  52ogger -HHH000490: Using JtaPlatform implementation: [org.hibernate.engine.transaction.jta.platform.internal.NoJtaPlatform]
26-01-16 10:15:32 [http-nio-8080-exec-8] WARN  339ogger -Invalid CrendentialsnullPasswordnull
26-01-16 10:15:48 [http-nio-8080-exec-2] INFO  390ogger -User Login SuccessFully Ali IP Address Is :0:0:0:0:0:0:0:1
26-01-16 10:16:56 [Catalina-utility-1] INFO  44ogger -HHH000412: Hibernate ORM core version 5.4.33
26-01-16 10:16:58 [Catalina-utility-1] WARN  60ogger -HHH020100: The Ehcache second-level cache provider for Hibernate is deprecated.  See https://hibernate.atlassian.net/browse/HHH-12441 for details.
26-01-16 10:16:58 [Catalina-utility-1] INFO  56ogger -HCANN000001: Hibernate Commons Annotations {5.1.2.Final}
26-01-16 10:16:59 [Catalina-utility-1] WARN  72ogger -HHH10001002: Using Hibernate built-in connection pool (not for production use!)
26-01-16 10:16:59 [Catalina-utility-1] INFO  115ogger -HHH10001005: using driver [com.mysql.cj.jdbc.Driver] at URL [jdbc:mysql://localhost:3306/nadra_system]
26-01-16 10:16:59 [Catalina-utility-1] INFO  124ogger -HHH10001001: Connection properties: {password=****, user=root}
26-01-16 10:16:59 [Catalina-utility-1] INFO  129ogger -HHH10001003: Autocommit mode: false
26-01-16 10:16:59 [Catalina-utility-1] INFO  259ogger -HHH000115: Hibernate connection pool size: 20 (min=1)
26-01-16 10:17:00 [Catalina-utility-1] INFO  175ogger -HHH000400: Using dialect: org.hibernate.dialect.MySQL5Dialect
26-01-16 10:17:00 [Catalina-utility-1] INFO  97ogger -Envers integration enabled? : true
26-01-16 10:17:05 [Catalina-utility-1] WARN  155ogger -HHH90001006: Missing cache[hibernate.cache.default-update-timestamps-region] was created on-the-fly. The created cache will use a provider-specific default configuration: make sure you defined one. You can disable this warning by setting 'hibernate.cache.ehcache.missing_cache_strategy' to 'create'.
26-01-16 10:17:05 [Catalina-utility-1] WARN  155ogger -HHH90001006: Missing cache[hibernate.cache.default-query-results-region] was created on-the-fly. The created cache will use a provider-specific default configuration: make sure you defined one. You can disable this warning by setting 'hibernate.cache.ehcache.missing_cache_strategy' to 'create'.
26-01-16 10:17:05 [Catalina-utility-1] WARN  155ogger -HHH90001006: Missing cache[hibernate.cache.com.entity.Provinces] was created on-the-fly. The created cache will use a provider-specific default configuration: make sure you defined one. You can disable this warning by setting 'hibernate.cache.ehcache.missing_cache_strategy' to 'create'.
26-01-16 10:17:06 [Catalina-utility-1] WARN  155ogger -HHH90001006: Missing cache[hibernate.cache.com.entity.LoggedIn] was created on-the-fly. The created cache will use a provider-specific default configuration: make sure you defined one. You can disable this warning by setting 'hibernate.cache.ehcache.missing_cache_strategy' to 'create'.
26-01-16 10:17:06 [Catalina-utility-1] WARN  155ogger -HHH90001006: Missing cache[hibernate.cache.com.entity.Districts] was created on-the-fly. The created cache will use a provider-specific default configuration: make sure you defined one. You can disable this warning by setting 'hibernate.cache.ehcache.missing_cache_strategy' to 'create'.
26-01-16 10:17:06 [Catalina-utility-1] WARN  155ogger -HHH90001006: Missing cache[hibernate.cache.com.entity.Countries] was created on-the-fly. The created cache will use a provider-specific default configuration: make sure you defined one. You can disable this warning by setting 'hibernate.cache.ehcache.missing_cache_strategy' to 'create'.
26-01-16 10:17:06 [Catalina-utility-1] WARN  155ogger -HHH90001006: Missing cache[hibernate.cache.com.entity.Users] was created on-the-fly. The created cache will use a provider-specific default configuration: make sure you defined one. You can disable this warning by setting 'hibernate.cache.ehcache.missing_cache_strategy' to 'create'.
26-01-16 10:17:08 [Catalina-utility-1] INFO  47ogger -HHH10001501: Connection obtained from JdbcConnectionAccess [org.hibernate.engine.jdbc.env.internal.JdbcEnvironmentInitiator$ConnectionProviderJdbcConnectionAccess@4048f7f2] for (non-JTA) DDL execution was not in auto-commit mode; the Connection 'local transaction' will be committed and the Connection will be set into auto-commit mode.
26-01-16 10:17:09 [Catalina-utility-1] INFO  52ogger -HHH000490: Using JtaPlatform implementation: [org.hibernate.engine.transaction.jta.platform.internal.NoJtaPlatform]
26-01-16 10:17:29 [main] INFO  44ogger -HHH000412: Hibernate ORM core version 5.4.33
26-01-16 10:17:30 [main] WARN  60ogger -HHH020100: The Ehcache second-level cache provider for Hibernate is deprecated.  See https://hibernate.atlassian.net/browse/HHH-12441 for details.
26-01-16 10:17:30 [main] INFO  56ogger -HCANN000001: Hibernate Commons Annotations {5.1.2.Final}
26-01-16 10:17:31 [main] WARN  72ogger -HHH10001002: Using Hibernate built-in connection pool (not for production use!)
26-01-16 10:17:31 [main] INFO  115ogger -HHH10001005: using driver [com.mysql.cj.jdbc.Driver] at URL [jdbc:mysql://localhost:3306/nadra_system]
26-01-16 10:17:31 [main] INFO  124ogger -HHH10001001: Connection properties: {password=****, user=root}
26-01-16 10:17:31 [main] INFO  129ogger -HHH10001003: Autocommit mode: false
26-01-16 10:17:31 [main] INFO  259ogger -HHH000115: Hibernate connection pool size: 20 (min=1)
26-01-16 10:17:31 [main] INFO  175ogger -HHH000400: Using dialect: org.hibernate.dialect.MySQL5Dialect
26-01-16 10:17:32 [main] INFO  97ogger -Envers integration enabled? : true
26-01-16 10:17:35 [main] WARN  155ogger -HHH90001006: Missing cache[hibernate.cache.default-update-timestamps-region] was created on-the-fly. The created cache will use a provider-specific default configuration: make sure you defined one. You can disable this warning by setting 'hibernate.cache.ehcache.missing_cache_strategy' to 'create'.
26-01-16 10:17:35 [main] WARN  155ogger -HHH90001006: Missing cache[hibernate.cache.default-query-results-region] was created on-the-fly. The created cache will use a provider-specific default configuration: make sure you defined one. You can disable this warning by setting 'hibernate.cache.ehcache.missing_cache_strategy' to 'create'.
26-01-16 10:17:35 [main] WARN  155ogger -HHH90001006: Missing cache[hibernate.cache.com.entity.Countries] was created on-the-fly. The created cache will use a provider-specific default configuration: make sure you defined one. You can disable this warning by setting 'hibernate.cache.ehcache.missing_cache_strategy' to 'create'.
26-01-16 10:17:35 [main] WARN  155ogger -HHH90001006: Missing cache[hibernate.cache.com.entity.Users] was created on-the-fly. The created cache will use a provider-specific default configuration: make sure you defined one. You can disable this warning by setting 'hibernate.cache.ehcache.missing_cache_strategy' to 'create'.
26-01-16 10:17:35 [main] WARN  155ogger -HHH90001006: Missing cache[hibernate.cache.com.entity.LoggedIn] was created on-the-fly. The created cache will use a provider-specific default configuration: make sure you defined one. You can disable this warning by setting 'hibernate.cache.ehcache.missing_cache_strategy' to 'create'.
26-01-16 10:17:35 [main] WARN  155ogger -HHH90001006: Missing cache[hibernate.cache.com.entity.Provinces] was created on-the-fly. The created cache will use a provider-specific default configuration: make sure you defined one. You can disable this warning by setting 'hibernate.cache.ehcache.missing_cache_strategy' to 'create'.
26-01-16 10:17:35 [main] WARN  155ogger -HHH90001006: Missing cache[hibernate.cache.com.entity.Districts] was created on-the-fly. The created cache will use a provider-specific default configuration: make sure you defined one. You can disable this warning by setting 'hibernate.cache.ehcache.missing_cache_strategy' to 'create'.
26-01-16 10:17:36 [main] INFO  47ogger -HHH10001501: Connection obtained from JdbcConnectionAccess [org.hibernate.engine.jdbc.env.internal.JdbcEnvironmentInitiator$ConnectionProviderJdbcConnectionAccess@1a6e940b] for (non-JTA) DDL execution was not in auto-commit mode; the Connection 'local transaction' will be committed and the Connection will be set into auto-commit mode.
26-01-16 10:17:37 [main] INFO  52ogger -HHH000490: Using JtaPlatform implementation: [org.hibernate.engine.transaction.jta.platform.internal.NoJtaPlatform]
26-01-16 10:17:53 [http-nio-8080-exec-5] INFO  390ogger -User Login SuccessFully Ali IP Address Is :0:0:0:0:0:0:0:1
26-01-16 10:18:51 [main] INFO  44ogger -HHH000412: Hibernate ORM core version 5.4.33
26-01-16 10:18:53 [main] WARN  60ogger -HHH020100: The Ehcache second-level cache provider for Hibernate is deprecated.  See https://hibernate.atlassian.net/browse/HHH-12441 for details.
26-01-16 10:18:53 [main] INFO  56ogger -HCANN000001: Hibernate Commons Annotations {5.1.2.Final}
26-01-16 10:18:53 [main] WARN  72ogger -HHH10001002: Using Hibernate built-in connection pool (not for production use!)
26-01-16 10:18:53 [main] INFO  115ogger -HHH10001005: using driver [com.mysql.cj.jdbc.Driver] at URL [jdbc:mysql://localhost:3306/nadra_system]
26-01-16 10:18:53 [main] INFO  124ogger -HHH10001001: Connection properties: {password=****, user=root}
26-01-16 10:18:53 [main] INFO  129ogger -HHH10001003: Autocommit mode: false
26-01-16 10:18:53 [main] INFO  259ogger -HHH000115: Hibernate connection pool size: 20 (min=1)
26-01-16 10:18:54 [main] INFO  175ogger -HHH000400: Using dialect: org.hibernate.dialect.MySQL5Dialect
26-01-16 10:18:54 [main] INFO  97ogger -Envers integration enabled? : true
26-01-16 10:18:56 [main] WARN  155ogger -HHH90001006: Missing cache[hibernate.cache.default-update-timestamps-region] was created on-the-fly. The created cache will use a provider-specific default configuration: make sure you defined one. You can disable this warning by setting 'hibernate.cache.ehcache.missing_cache_strategy' to 'create'.
26-01-16 10:18:56 [main] WARN  155ogger -HHH90001006: Missing cache[hibernate.cache.default-query-results-region] was created on-the-fly. The created cache will use a provider-specific default configuration: make sure you defined one. You can disable this warning by setting 'hibernate.cache.ehcache.missing_cache_strategy' to 'create'.
26-01-16 10:18:57 [main] WARN  155ogger -HHH90001006: Missing cache[hibernate.cache.com.entity.LoggedIn] was created on-the-fly. The created cache will use a provider-specific default configuration: make sure you defined one. You can disable this warning by setting 'hibernate.cache.ehcache.missing_cache_strategy' to 'create'.
26-01-16 10:18:57 [main] WARN  155ogger -HHH90001006: Missing cache[hibernate.cache.com.entity.Countries] was created on-the-fly. The created cache will use a provider-specific default configuration: make sure you defined one. You can disable this warning by setting 'hibernate.cache.ehcache.missing_cache_strategy' to 'create'.
26-01-16 10:18:57 [main] WARN  155ogger -HHH90001006: Missing cache[hibernate.cache.com.entity.Users] was created on-the-fly. The created cache will use a provider-specific default configuration: make sure you defined one. You can disable this warning by setting 'hibernate.cache.ehcache.missing_cache_strategy' to 'create'.
26-01-16 10:18:57 [main] WARN  155ogger -HHH90001006: Missing cache[hibernate.cache.com.entity.Districts] was created on-the-fly. The created cache will use a provider-specific default configuration: make sure you defined one. You can disable this warning by setting 'hibernate.cache.ehcache.missing_cache_strategy' to 'create'.
26-01-16 10:18:57 [main] WARN  155ogger -HHH90001006: Missing cache[hibernate.cache.com.entity.Provinces] was created on-the-fly. The created cache will use a provider-specific default configuration: make sure you defined one. You can disable this warning by setting 'hibernate.cache.ehcache.missing_cache_strategy' to 'create'.
26-01-16 10:18:58 [main] INFO  47ogger -HHH10001501: Connection obtained from JdbcConnectionAccess [org.hibernate.engine.jdbc.env.internal.JdbcEnvironmentInitiator$ConnectionProviderJdbcConnectionAccess@216906a0] for (non-JTA) DDL execution was not in auto-commit mode; the Connection 'local transaction' will be committed and the Connection will be set into auto-commit mode.
26-01-16 10:18:59 [main] INFO  52ogger -HHH000490: Using JtaPlatform implementation: [org.hibernate.engine.transaction.jta.platform.internal.NoJtaPlatform]
26-01-16 10:19:15 [http-nio-8080-exec-5] INFO  390ogger -User Login SuccessFully Ali IP Address Is :0:0:0:0:0:0:0:1
26-01-16 10:21:10 [http-nio-8080-exec-7] INFO  466ogger -Logout SuccessFullAli
26-01-16 10:37:22 [http-nio-8080-exec-5] INFO  390ogger -User Login SuccessFully Ali IP Address Is :0:0:0:0:0:0:0:1
26-01-16 10:39:43 [http-nio-8080-exec-6] INFO  466ogger -Logout SuccessFullAli
26-01-16 10:39:50 [http-nio-8080-exec-9] INFO  390ogger -User Login SuccessFully Muhammad Rafay IP Address Is :0:0:0:0:0:0:0:1
26-01-16 11:02:22 [http-nio-8080-exec-4] INFO  390ogger -User Login SuccessFully Muhammad Rafay IP Address Is :192.168.10.180
26-01-16 11:04:11 [http-nio-8080-exec-10] INFO  436ogger -Login From Another BrowserMuhammad Rafay
26-01-16 11:38:36 [Catalina-utility-1] INFO  44ogger -HHH000412: Hibernate ORM core version 5.4.33
26-01-16 11:38:38 [Catalina-utility-1] WARN  60ogger -HHH020100: The Ehcache second-level cache provider for Hibernate is deprecated.  See https://hibernate.atlassian.net/browse/HHH-12441 for details.
26-01-16 11:38:38 [Catalina-utility-1] INFO  56ogger -HCANN000001: Hibernate Commons Annotations {5.1.2.Final}
26-01-16 11:38:39 [Catalina-utility-1] WARN  72ogger -HHH10001002: Using Hibernate built-in connection pool (not for production use!)
26-01-16 11:38:39 [Catalina-utility-1] INFO  115ogger -HHH10001005: using driver [com.mysql.cj.jdbc.Driver] at URL [jdbc:mysql://localhost:3306/nadra_system]
26-01-16 11:38:39 [Catalina-utility-1] INFO  124ogger -HHH10001001: Connection properties: {password=****, user=root}
26-01-16 11:38:39 [Catalina-utility-1] INFO  129ogger -HHH10001003: Autocommit mode: false
26-01-16 11:38:39 [Catalina-utility-1] INFO  259ogger -HHH000115: Hibernate connection pool size: 20 (min=1)
26-01-16 11:38:39 [Catalina-utility-1] INFO  175ogger -HHH000400: Using dialect: org.hibernate.dialect.MySQL5Dialect
26-01-16 11:38:40 [Catalina-utility-1] INFO  97ogger -Envers integration enabled? : true
26-01-16 11:38:42 [Catalina-utility-1] WARN  155ogger -HHH90001006: Missing cache[hibernate.cache.default-update-timestamps-region] was created on-the-fly. The created cache will use a provider-specific default configuration: make sure you defined one. You can disable this warning by setting 'hibernate.cache.ehcache.missing_cache_strategy' to 'create'.
26-01-16 11:38:42 [Catalina-utility-1] WARN  155ogger -HHH90001006: Missing cache[hibernate.cache.default-query-results-region] was created on-the-fly. The created cache will use a provider-specific default configuration: make sure you defined one. You can disable this warning by setting 'hibernate.cache.ehcache.missing_cache_strategy' to 'create'.
26-01-16 11:38:42 [Catalina-utility-1] WARN  155ogger -HHH90001006: Missing cache[hibernate.cache.com.entity.Countries] was created on-the-fly. The created cache will use a provider-specific default configuration: make sure you defined one. You can disable this warning by setting 'hibernate.cache.ehcache.missing_cache_strategy' to 'create'.
26-01-16 11:38:42 [Catalina-utility-1] WARN  155ogger -HHH90001006: Missing cache[hibernate.cache.com.entity.LoggedIn] was created on-the-fly. The created cache will use a provider-specific default configuration: make sure you defined one. You can disable this warning by setting 'hibernate.cache.ehcache.missing_cache_strategy' to 'create'.
26-01-16 11:38:42 [Catalina-utility-1] WARN  155ogger -HHH90001006: Missing cache[hibernate.cache.com.entity.Provinces] was created on-the-fly. The created cache will use a provider-specific default configuration: make sure you defined one. You can disable this warning by setting 'hibernate.cache.ehcache.missing_cache_strategy' to 'create'.
26-01-16 11:38:42 [Catalina-utility-1] WARN  155ogger -HHH90001006: Missing cache[hibernate.cache.com.entity.Users] was created on-the-fly. The created cache will use a provider-specific default configuration: make sure you defined one. You can disable this warning by setting 'hibernate.cache.ehcache.missing_cache_strategy' to 'create'.
26-01-16 11:38:42 [Catalina-utility-1] WARN  155ogger -HHH90001006: Missing cache[hibernate.cache.com.entity.Districts] was created on-the-fly. The created cache will use a provider-specific default configuration: make sure you defined one. You can disable this warning by setting 'hibernate.cache.ehcache.missing_cache_strategy' to 'create'.
26-01-16 11:38:44 [Catalina-utility-1] INFO  47ogger -HHH10001501: Connection obtained from JdbcConnectionAccess [org.hibernate.engine.jdbc.env.internal.JdbcEnvironmentInitiator$ConnectionProviderJdbcConnectionAccess@7dd9b637] for (non-JTA) DDL execution was not in auto-commit mode; the Connection 'local transaction' will be committed and the Connection will be set into auto-commit mode.
26-01-16 11:38:44 [Catalina-utility-1] INFO  52ogger -HHH000490: Using JtaPlatform implementation: [org.hibernate.engine.transaction.jta.platform.internal.NoJtaPlatform]
26-01-16 11:39:04 [http-nio-8080-exec-3] WARN  339ogger -Invalid CrendentialsnullPasswordnull
26-01-16 11:41:04 [Catalina-utility-2] INFO  44ogger -HHH000412: Hibernate ORM core version 5.4.33
26-01-16 11:41:06 [Catalina-utility-2] WARN  60ogger -HHH020100: The Ehcache second-level cache provider for Hibernate is deprecated.  See https://hibernate.atlassian.net/browse/HHH-12441 for details.
26-01-16 11:41:06 [Catalina-utility-2] INFO  56ogger -HCANN000001: Hibernate Commons Annotations {5.1.2.Final}
26-01-16 11:41:06 [Catalina-utility-2] WARN  72ogger -HHH10001002: Using Hibernate built-in connection pool (not for production use!)
26-01-16 11:41:06 [Catalina-utility-2] INFO  115ogger -HHH10001005: using driver [com.mysql.cj.jdbc.Driver] at URL [jdbc:mysql://localhost:3306/nadra_system]
26-01-16 11:41:06 [Catalina-utility-2] INFO  124ogger -HHH10001001: Connection properties: {password=****, user=root}
26-01-16 11:41:06 [Catalina-utility-2] INFO  129ogger -HHH10001003: Autocommit mode: false
26-01-16 11:41:06 [Catalina-utility-2] INFO  259ogger -HHH000115: Hibernate connection pool size: 20 (min=1)
26-01-16 11:41:07 [Catalina-utility-2] INFO  175ogger -HHH000400: Using dialect: org.hibernate.dialect.MySQL5Dialect
26-01-16 11:41:07 [Catalina-utility-2] INFO  97ogger -Envers integration enabled? : true
26-01-16 11:41:08 [Catalina-utility-2] WARN  155ogger -HHH90001006: Missing cache[hibernate.cache.default-update-timestamps-region] was created on-the-fly. The created cache will use a provider-specific default configuration: make sure you defined one. You can disable this warning by setting 'hibernate.cache.ehcache.missing_cache_strategy' to 'create'.
26-01-16 11:41:08 [Catalina-utility-2] WARN  155ogger -HHH90001006: Missing cache[hibernate.cache.default-query-results-region] was created on-the-fly. The created cache will use a provider-specific default configuration: make sure you defined one. You can disable this warning by setting 'hibernate.cache.ehcache.missing_cache_strategy' to 'create'.
26-01-16 11:41:08 [Catalina-utility-2] WARN  155ogger -HHH90001006: Missing cache[hibernate.cache.com.entity.LoggedIn] was created on-the-fly. The created cache will use a provider-specific default configuration: make sure you defined one. You can disable this warning by setting 'hibernate.cache.ehcache.missing_cache_strategy' to 'create'.
26-01-16 11:41:08 [Catalina-utility-2] WARN  155ogger -HHH90001006: Missing cache[hibernate.cache.com.entity.Countries] was created on-the-fly. The created cache will use a provider-specific default configuration: make sure you defined one. You can disable this warning by setting 'hibernate.cache.ehcache.missing_cache_strategy' to 'create'.
26-01-16 11:41:08 [Catalina-utility-2] WARN  155ogger -HHH90001006: Missing cache[hibernate.cache.com.entity.Users] was created on-the-fly. The created cache will use a provider-specific default configuration: make sure you defined one. You can disable this warning by setting 'hibernate.cache.ehcache.missing_cache_strategy' to 'create'.
26-01-16 11:41:08 [Catalina-utility-2] WARN  155ogger -HHH90001006: Missing cache[hibernate.cache.com.entity.Districts] was created on-the-fly. The created cache will use a provider-specific default configuration: make sure you defined one. You can disable this warning by setting 'hibernate.cache.ehcache.missing_cache_strategy' to 'create'.
26-01-16 11:41:08 [Catalina-utility-2] WARN  155ogger -HHH90001006: Missing cache[hibernate.cache.com.entity.Provinces] was created on-the-fly. The created cache will use a provider-specific default configuration: make sure you defined one. You can disable this warning by setting 'hibernate.cache.ehcache.missing_cache_strategy' to 'create'.
26-01-16 11:41:08 [Catalina-utility-2] INFO  47ogger -HHH10001501: Connection obtained from JdbcConnectionAccess [org.hibernate.engine.jdbc.env.internal.JdbcEnvironmentInitiator$ConnectionProviderJdbcConnectionAccess@6138fd07] for (non-JTA) DDL execution was not in auto-commit mode; the Connection 'local transaction' will be committed and the Connection will be set into auto-commit mode.
26-01-16 11:41:09 [Catalina-utility-2] INFO  52ogger -HHH000490: Using JtaPlatform implementation: [org.hibernate.engine.transaction.jta.platform.internal.NoJtaPlatform]
26-01-16 11:41:15 [main] INFO  44ogger -HHH000412: Hibernate ORM core version 5.4.33
26-01-16 11:41:17 [main] WARN  60ogger -HHH020100: The Ehcache second-level cache provider for Hibernate is deprecated.  See https://hibernate.atlassian.net/browse/HHH-12441 for details.
26-01-16 11:41:17 [main] INFO  56ogger -HCANN000001: Hibernate Commons Annotations {5.1.2.Final}
26-01-16 11:41:17 [main] WARN  72ogger -HHH10001002: Using Hibernate built-in connection pool (not for production use!)
26-01-16 11:41:17 [main] INFO  115ogger -HHH10001005: using driver [com.mysql.cj.jdbc.Driver] at URL [jdbc:mysql://localhost:3306/nadra_system]
26-01-16 11:41:17 [main] INFO  124ogger -HHH10001001: Connection properties: {password=****, user=root}
26-01-16 11:41:17 [main] INFO  129ogger -HHH10001003: Autocommit mode: false
26-01-16 11:41:17 [main] INFO  259ogger -HHH000115: Hibernate connection pool size: 20 (min=1)
26-01-16 11:41:17 [main] INFO  175ogger -HHH000400: Using dialect: org.hibernate.dialect.MySQL5Dialect
26-01-16 11:41:18 [main] INFO  97ogger -Envers integration enabled? : true
26-01-16 11:41:19 [main] WARN  155ogger -HHH90001006: Missing cache[hibernate.cache.default-update-timestamps-region] was created on-the-fly. The created cache will use a provider-specific default configuration: make sure you defined one. You can disable this warning by setting 'hibernate.cache.ehcache.missing_cache_strategy' to 'create'.
26-01-16 11:41:19 [main] WARN  155ogger -HHH90001006: Missing cache[hibernate.cache.default-query-results-region] was created on-the-fly. The created cache will use a provider-specific default configuration: make sure you defined one. You can disable this warning by setting 'hibernate.cache.ehcache.missing_cache_strategy' to 'create'.
26-01-16 11:41:19 [main] WARN  155ogger -HHH90001006: Missing cache[hibernate.cache.com.entity.Users] was created on-the-fly. The created cache will use a provider-specific default configuration: make sure you defined one. You can disable this warning by setting 'hibernate.cache.ehcache.missing_cache_strategy' to 'create'.
26-01-16 11:41:19 [main] WARN  155ogger -HHH90001006: Missing cache[hibernate.cache.com.entity.Provinces] was created on-the-fly. The created cache will use a provider-specific default configuration: make sure you defined one. You can disable this warning by setting 'hibernate.cache.ehcache.missing_cache_strategy' to 'create'.
26-01-16 11:41:19 [main] WARN  155ogger -HHH90001006: Missing cache[hibernate.cache.com.entity.Countries] was created on-the-fly. The created cache will use a provider-specific default configuration: make sure you defined one. You can disable this warning by setting 'hibernate.cache.ehcache.missing_cache_strategy' to 'create'.
26-01-16 11:41:19 [main] WARN  155ogger -HHH90001006: Missing cache[hibernate.cache.com.entity.Districts] was created on-the-fly. The created cache will use a provider-specific default configuration: make sure you defined one. You can disable this warning by setting 'hibernate.cache.ehcache.missing_cache_strategy' to 'create'.
26-01-16 11:41:19 [main] WARN  155ogger -HHH90001006: Missing cache[hibernate.cache.com.entity.LoggedIn] was created on-the-fly. The created cache will use a provider-specific default configuration: make sure you defined one. You can disable this warning by setting 'hibernate.cache.ehcache.missing_cache_strategy' to 'create'.
26-01-16 11:41:20 [main] INFO  47ogger -HHH10001501: Connection obtained from JdbcConnectionAccess [org.hibernate.engine.jdbc.env.internal.JdbcEnvironmentInitiator$ConnectionProviderJdbcConnectionAccess@f758e05] for (non-JTA) DDL execution was not in auto-commit mode; the Connection 'local transaction' will be committed and the Connection will be set into auto-commit mode.
26-01-16 11:41:20 [main] INFO  52ogger -HHH000490: Using JtaPlatform implementation: [org.hibernate.engine.transaction.jta.platform.internal.NoJtaPlatform]
26-01-16 11:41:53 [http-nio-8080-exec-8] INFO  382ogger -User Login SuccessFully Ali IP Address Is :0:0:0:0:0:0:0:1
26-01-16 11:42:18 [Catalina-utility-1] INFO  44ogger -HHH000412: Hibernate ORM core version 5.4.33
26-01-16 11:42:20 [Catalina-utility-1] WARN  60ogger -HHH020100: The Ehcache second-level cache provider for Hibernate is deprecated.  See https://hibernate.atlassian.net/browse/HHH-12441 for details.
26-01-16 11:42:20 [Catalina-utility-1] INFO  56ogger -HCANN000001: Hibernate Commons Annotations {5.1.2.Final}
26-01-16 11:42:20 [Catalina-utility-1] WARN  72ogger -HHH10001002: Using Hibernate built-in connection pool (not for production use!)
26-01-16 11:42:21 [Catalina-utility-1] INFO  115ogger -HHH10001005: using driver [com.mysql.cj.jdbc.Driver] at URL [jdbc:mysql://localhost:3306/nadra_system]
26-01-16 11:42:21 [Catalina-utility-1] INFO  124ogger -HHH10001001: Connection properties: {password=****, user=root}
26-01-16 11:42:21 [Catalina-utility-1] INFO  129ogger -HHH10001003: Autocommit mode: false
26-01-16 11:42:21 [Catalina-utility-1] INFO  259ogger -HHH000115: Hibernate connection pool size: 20 (min=1)
26-01-16 11:42:21 [Catalina-utility-1] INFO  175ogger -HHH000400: Using dialect: org.hibernate.dialect.MySQL5Dialect
26-01-16 11:42:21 [Catalina-utility-1] INFO  97ogger -Envers integration enabled? : true
26-01-16 11:42:22 [Catalina-utility-1] WARN  155ogger -HHH90001006: Missing cache[hibernate.cache.default-update-timestamps-region] was created on-the-fly. The created cache will use a provider-specific default configuration: make sure you defined one. You can disable this warning by setting 'hibernate.cache.ehcache.missing_cache_strategy' to 'create'.
26-01-16 11:42:22 [Catalina-utility-1] WARN  155ogger -HHH90001006: Missing cache[hibernate.cache.default-query-results-region] was created on-the-fly. The created cache will use a provider-specific default configuration: make sure you defined one. You can disable this warning by setting 'hibernate.cache.ehcache.missing_cache_strategy' to 'create'.
26-01-16 11:42:22 [Catalina-utility-1] WARN  155ogger -HHH90001006: Missing cache[hibernate.cache.com.entity.Countries] was created on-the-fly. The created cache will use a provider-specific default configuration: make sure you defined one. You can disable this warning by setting 'hibernate.cache.ehcache.missing_cache_strategy' to 'create'.
26-01-16 11:42:22 [Catalina-utility-1] WARN  155ogger -HHH90001006: Missing cache[hibernate.cache.com.entity.Provinces] was created on-the-fly. The created cache will use a provider-specific default configuration: make sure you defined one. You can disable this warning by setting 'hibernate.cache.ehcache.missing_cache_strategy' to 'create'.
26-01-16 11:42:22 [Catalina-utility-1] WARN  155ogger -HHH90001006: Missing cache[hibernate.cache.com.entity.Districts] was created on-the-fly. The created cache will use a provider-specific default configuration: make sure you defined one. You can disable this warning by setting 'hibernate.cache.ehcache.missing_cache_strategy' to 'create'.
26-01-16 11:42:22 [Catalina-utility-1] WARN  155ogger -HHH90001006: Missing cache[hibernate.cache.com.entity.LoggedIn] was created on-the-fly. The created cache will use a provider-specific default configuration: make sure you defined one. You can disable this warning by setting 'hibernate.cache.ehcache.missing_cache_strategy' to 'create'.
26-01-16 11:42:22 [Catalina-utility-1] WARN  155ogger -HHH90001006: Missing cache[hibernate.cache.com.entity.Users] was created on-the-fly. The created cache will use a provider-specific default configuration: make sure you defined one. You can disable this warning by setting 'hibernate.cache.ehcache.missing_cache_strategy' to 'create'.
26-01-16 11:42:23 [Catalina-utility-1] INFO  47ogger -HHH10001501: Connection obtained from JdbcConnectionAccess [org.hibernate.engine.jdbc.env.internal.JdbcEnvironmentInitiator$ConnectionProviderJdbcConnectionAccess@6ae0f43a] for (non-JTA) DDL execution was not in auto-commit mode; the Connection 'local transaction' will be committed and the Connection will be set into auto-commit mode.
26-01-16 11:42:23 [Catalina-utility-1] INFO  52ogger -HHH000490: Using JtaPlatform implementation: [org.hibernate.engine.transaction.jta.platform.internal.NoJtaPlatform]
26-01-16 11:42:24 [http-nio-8080-exec-3] INFO  382ogger -User Login SuccessFully Ali IP Address Is :0:0:0:0:0:0:0:1
26-01-16 11:44:33 [main] INFO  44ogger -HHH000412: Hibernate ORM core version 5.4.33
26-01-16 11:44:34 [main] WARN  60ogger -HHH020100: The Ehcache second-level cache provider for Hibernate is deprecated.  See https://hibernate.atlassian.net/browse/HHH-12441 for details.
26-01-16 11:44:34 [main] INFO  56ogger -HCANN000001: Hibernate Commons Annotations {5.1.2.Final}
26-01-16 11:44:34 [main] WARN  72ogger -HHH10001002: Using Hibernate built-in connection pool (not for production use!)
26-01-16 11:44:34 [main] INFO  115ogger -HHH10001005: using driver [com.mysql.cj.jdbc.Driver] at URL [jdbc:mysql://localhost:3306/nadra_system]
26-01-16 11:44:34 [main] INFO  124ogger -HHH10001001: Connection properties: {password=****, user=root}
26-01-16 11:44:34 [main] INFO  129ogger -HHH10001003: Autocommit mode: false
26-01-16 11:44:34 [main] INFO  259ogger -HHH000115: Hibernate connection pool size: 20 (min=1)
26-01-16 11:44:34 [main] INFO  175ogger -HHH000400: Using dialect: org.hibernate.dialect.MySQL5Dialect
26-01-16 11:44:34 [main] INFO  97ogger -Envers integration enabled? : true
26-01-16 11:44:36 [main] WARN  155ogger -HHH90001006: Missing cache[hibernate.cache.default-update-timestamps-region] was created on-the-fly. The created cache will use a provider-specific default configuration: make sure you defined one. You can disable this warning by setting 'hibernate.cache.ehcache.missing_cache_strategy' to 'create'.
26-01-16 11:44:36 [main] WARN  155ogger -HHH90001006: Missing cache[hibernate.cache.default-query-results-region] was created on-the-fly. The created cache will use a provider-specific default configuration: make sure you defined one. You can disable this warning by setting 'hibernate.cache.ehcache.missing_cache_strategy' to 'create'.
26-01-16 11:44:36 [main] WARN  155ogger -HHH90001006: Missing cache[hibernate.cache.com.entity.LoggedIn] was created on-the-fly. The created cache will use a provider-specific default configuration: make sure you defined one. You can disable this warning by setting 'hibernate.cache.ehcache.missing_cache_strategy' to 'create'.
26-01-16 11:44:36 [main] WARN  155ogger -HHH90001006: Missing cache[hibernate.cache.com.entity.Countries] was created on-the-fly. The created cache will use a provider-specific default configuration: make sure you defined one. You can disable this warning by setting 'hibernate.cache.ehcache.missing_cache_strategy' to 'create'.
26-01-16 11:44:36 [main] WARN  155ogger -HHH90001006: Missing cache[hibernate.cache.com.entity.Users] was created on-the-fly. The created cache will use a provider-specific default configuration: make sure you defined one. You can disable this warning by setting 'hibernate.cache.ehcache.missing_cache_strategy' to 'create'.
26-01-16 11:44:36 [main] WARN  155ogger -HHH90001006: Missing cache[hibernate.cache.com.entity.Districts] was created on-the-fly. The created cache will use a provider-specific default configuration: make sure you defined one. You can disable this warning by setting 'hibernate.cache.ehcache.missing_cache_strategy' to 'create'.
26-01-16 11:44:36 [main] WARN  155ogger -HHH90001006: Missing cache[hibernate.cache.com.entity.Provinces] was created on-the-fly. The created cache will use a provider-specific default configuration: make sure you defined one. You can disable this warning by setting 'hibernate.cache.ehcache.missing_cache_strategy' to 'create'.
26-01-16 11:44:37 [main] INFO  47ogger -HHH10001501: Connection obtained from JdbcConnectionAccess [org.hibernate.engine.jdbc.env.internal.JdbcEnvironmentInitiator$ConnectionProviderJdbcConnectionAccess@216906a0] for (non-JTA) DDL execution was not in auto-commit mode; the Connection 'local transaction' will be committed and the Connection will be set into auto-commit mode.
26-01-16 11:44:37 [main] INFO  52ogger -HHH000490: Using JtaPlatform implementation: [org.hibernate.engine.transaction.jta.platform.internal.NoJtaPlatform]
26-01-16 11:44:47 [http-nio-8080-exec-3] INFO  375ogger -User Login SuccessFully Ali IP Address Is :0:0:0:0:0:0:0:1
26-01-16 11:45:12 [http-nio-8080-exec-6] INFO  375ogger -User Login SuccessFully Ali IP Address Is :0:0:0:0:0:0:0:1
26-01-16 11:45:18 [Catalina-utility-2] INFO  44ogger -HHH000412: Hibernate ORM core version 5.4.33
26-01-16 11:45:19 [Catalina-utility-2] WARN  60ogger -HHH020100: The Ehcache second-level cache provider for Hibernate is deprecated.  See https://hibernate.atlassian.net/browse/HHH-12441 for details.
26-01-16 11:45:19 [Catalina-utility-2] INFO  56ogger -HCANN000001: Hibernate Commons Annotations {5.1.2.Final}
26-01-16 11:45:20 [Catalina-utility-2] WARN  72ogger -HHH10001002: Using Hibernate built-in connection pool (not for production use!)
26-01-16 11:45:20 [Catalina-utility-2] INFO  115ogger -HHH10001005: using driver [com.mysql.cj.jdbc.Driver] at URL [jdbc:mysql://localhost:3306/nadra_system]
26-01-16 11:45:20 [Catalina-utility-2] INFO  124ogger -HHH10001001: Connection properties: {password=****, user=root}
26-01-16 11:45:20 [Catalina-utility-2] INFO  129ogger -HHH10001003: Autocommit mode: false
26-01-16 11:45:20 [Catalina-utility-2] INFO  259ogger -HHH000115: Hibernate connection pool size: 20 (min=1)
26-01-16 11:45:20 [Catalina-utility-2] INFO  175ogger -HHH000400: Using dialect: org.hibernate.dialect.MySQL5Dialect
26-01-16 11:45:21 [Catalina-utility-2] INFO  97ogger -Envers integration enabled? : true
26-01-16 11:45:23 [Catalina-utility-2] WARN  155ogger -HHH90001006: Missing cache[hibernate.cache.default-update-timestamps-region] was created on-the-fly. The created cache will use a provider-specific default configuration: make sure you defined one. You can disable this warning by setting 'hibernate.cache.ehcache.missing_cache_strategy' to 'create'.
26-01-16 11:45:23 [Catalina-utility-2] WARN  155ogger -HHH90001006: Missing cache[hibernate.cache.default-query-results-region] was created on-the-fly. The created cache will use a provider-specific default configuration: make sure you defined one. You can disable this warning by setting 'hibernate.cache.ehcache.missing_cache_strategy' to 'create'.
26-01-16 11:45:23 [Catalina-utility-2] WARN  155ogger -HHH90001006: Missing cache[hibernate.cache.com.entity.Users] was created on-the-fly. The created cache will use a provider-specific default configuration: make sure you defined one. You can disable this warning by setting 'hibernate.cache.ehcache.missing_cache_strategy' to 'create'.
26-01-16 11:45:23 [Catalina-utility-2] WARN  155ogger -HHH90001006: Missing cache[hibernate.cache.com.entity.Provinces] was created on-the-fly. The created cache will use a provider-specific default configuration: make sure you defined one. You can disable this warning by setting 'hibernate.cache.ehcache.missing_cache_strategy' to 'create'.
26-01-16 11:45:23 [Catalina-utility-2] WARN  155ogger -HHH90001006: Missing cache[hibernate.cache.com.entity.Districts] was created on-the-fly. The created cache will use a provider-specific default configuration: make sure you defined one. You can disable this warning by setting 'hibernate.cache.ehcache.missing_cache_strategy' to 'create'.
26-01-16 11:45:24 [Catalina-utility-2] WARN  155ogger -HHH90001006: Missing cache[hibernate.cache.com.entity.LoggedIn] was created on-the-fly. The created cache will use a provider-specific default configuration: make sure you defined one. You can disable this warning by setting 'hibernate.cache.ehcache.missing_cache_strategy' to 'create'.
26-01-16 11:45:24 [Catalina-utility-2] WARN  155ogger -HHH90001006: Missing cache[hibernate.cache.com.entity.Countries] was created on-the-fly. The created cache will use a provider-specific default configuration: make sure you defined one. You can disable this warning by setting 'hibernate.cache.ehcache.missing_cache_strategy' to 'create'.
26-01-16 11:45:25 [Catalina-utility-2] INFO  47ogger -HHH10001501: Connection obtained from JdbcConnectionAccess [org.hibernate.engine.jdbc.env.internal.JdbcEnvironmentInitiator$ConnectionProviderJdbcConnectionAccess@3810041a] for (non-JTA) DDL execution was not in auto-commit mode; the Connection 'local transaction' will be committed and the Connection will be set into auto-commit mode.
26-01-16 11:45:26 [Catalina-utility-2] INFO  52ogger -HHH000490: Using JtaPlatform implementation: [org.hibernate.engine.transaction.jta.platform.internal.NoJtaPlatform]
26-01-16 11:45:49 [http-nio-8080-exec-7] INFO  375ogger -User Login SuccessFully Muhammad Rafay IP Address Is :0:0:0:0:0:0:0:1
26-01-16 11:45:49 [http-nio-8080-exec-7] INFO  451ogger -Logout SuccessFullMuhammad Rafay
26-01-16 11:47:10 [Catalina-utility-2] INFO  44ogger -HHH000412: Hibernate ORM core version 5.4.33
26-01-16 11:47:12 [Catalina-utility-2] WARN  60ogger -HHH020100: The Ehcache second-level cache provider for Hibernate is deprecated.  See https://hibernate.atlassian.net/browse/HHH-12441 for details.
26-01-16 11:47:12 [Catalina-utility-2] INFO  56ogger -HCANN000001: Hibernate Commons Annotations {5.1.2.Final}
26-01-16 11:47:12 [Catalina-utility-2] WARN  72ogger -HHH10001002: Using Hibernate built-in connection pool (not for production use!)
26-01-16 11:47:12 [Catalina-utility-2] INFO  115ogger -HHH10001005: using driver [com.mysql.cj.jdbc.Driver] at URL [jdbc:mysql://localhost:3306/nadra_system]
26-01-16 11:47:12 [Catalina-utility-2] INFO  124ogger -HHH10001001: Connection properties: {password=****, user=root}
26-01-16 11:47:12 [Catalina-utility-2] INFO  129ogger -HHH10001003: Autocommit mode: false
26-01-16 11:47:12 [Catalina-utility-2] INFO  259ogger -HHH000115: Hibernate connection pool size: 20 (min=1)
26-01-16 11:47:13 [Catalina-utility-2] INFO  175ogger -HHH000400: Using dialect: org.hibernate.dialect.MySQL5Dialect
26-01-16 11:47:13 [Catalina-utility-2] INFO  97ogger -Envers integration enabled? : true
26-01-16 11:47:15 [Catalina-utility-2] WARN  155ogger -HHH90001006: Missing cache[hibernate.cache.default-update-timestamps-region] was created on-the-fly. The created cache will use a provider-specific default configuration: make sure you defined one. You can disable this warning by setting 'hibernate.cache.ehcache.missing_cache_strategy' to 'create'.
26-01-16 11:47:15 [Catalina-utility-2] WARN  155ogger -HHH90001006: Missing cache[hibernate.cache.default-query-results-region] was created on-the-fly. The created cache will use a provider-specific default configuration: make sure you defined one. You can disable this warning by setting 'hibernate.cache.ehcache.missing_cache_strategy' to 'create'.
26-01-16 11:47:15 [Catalina-utility-2] WARN  155ogger -HHH90001006: Missing cache[hibernate.cache.com.entity.LoggedIn] was created on-the-fly. The created cache will use a provider-specific default configuration: make sure you defined one. You can disable this warning by setting 'hibernate.cache.ehcache.missing_cache_strategy' to 'create'.
26-01-16 11:47:15 [Catalina-utility-2] WARN  155ogger -HHH90001006: Missing cache[hibernate.cache.com.entity.Users] was created on-the-fly. The created cache will use a provider-specific default configuration: make sure you defined one. You can disable this warning by setting 'hibernate.cache.ehcache.missing_cache_strategy' to 'create'.
26-01-16 11:47:15 [Catalina-utility-2] WARN  155ogger -HHH90001006: Missing cache[hibernate.cache.com.entity.Countries] was created on-the-fly. The created cache will use a provider-specific default configuration: make sure you defined one. You can disable this warning by setting 'hibernate.cache.ehcache.missing_cache_strategy' to 'create'.
26-01-16 11:47:15 [Catalina-utility-2] WARN  155ogger -HHH90001006: Missing cache[hibernate.cache.com.entity.Districts] was created on-the-fly. The created cache will use a provider-specific default configuration: make sure you defined one. You can disable this warning by setting 'hibernate.cache.ehcache.missing_cache_strategy' to 'create'.
26-01-16 11:47:15 [Catalina-utility-2] WARN  155ogger -HHH90001006: Missing cache[hibernate.cache.com.entity.Provinces] was created on-the-fly. The created cache will use a provider-specific default configuration: make sure you defined one. You can disable this warning by setting 'hibernate.cache.ehcache.missing_cache_strategy' to 'create'.
26-01-16 11:47:16 [Catalina-utility-2] INFO  47ogger -HHH10001501: Connection obtained from JdbcConnectionAccess [org.hibernate.engine.jdbc.env.internal.JdbcEnvironmentInitiator$ConnectionProviderJdbcConnectionAccess@616d8b27] for (non-JTA) DDL execution was not in auto-commit mode; the Connection 'local transaction' will be committed and the Connection will be set into auto-commit mode.
26-01-16 11:47:17 [Catalina-utility-2] INFO  52ogger -HHH000490: Using JtaPlatform implementation: [org.hibernate.engine.transaction.jta.platform.internal.NoJtaPlatform]
26-01-16 11:47:19 [http-nio-8080-exec-12] INFO  375ogger -User Login SuccessFully Ali IP Address Is :0:0:0:0:0:0:0:1
26-01-16 11:50:53 [main] INFO  44ogger -HHH000412: Hibernate ORM core version 5.4.33
26-01-16 11:50:58 [main] WARN  60ogger -HHH020100: The Ehcache second-level cache provider for Hibernate is deprecated.  See https://hibernate.atlassian.net/browse/HHH-12441 for details.
26-01-16 11:50:58 [main] INFO  56ogger -HCANN000001: Hibernate Commons Annotations {5.1.2.Final}
26-01-16 11:50:58 [main] WARN  72ogger -HHH10001002: Using Hibernate built-in connection pool (not for production use!)
26-01-16 11:50:58 [main] INFO  115ogger -HHH10001005: using driver [com.mysql.cj.jdbc.Driver] at URL [jdbc:mysql://localhost:3306/nadra_system]
26-01-16 11:50:58 [main] INFO  124ogger -HHH10001001: Connection properties: {password=****, user=root}
26-01-16 11:50:58 [main] INFO  129ogger -HHH10001003: Autocommit mode: false
26-01-16 11:50:58 [main] INFO  259ogger -HHH000115: Hibernate connection pool size: 20 (min=1)
26-01-16 11:50:58 [main] INFO  175ogger -HHH000400: Using dialect: org.hibernate.dialect.MySQL5Dialect
26-01-16 11:50:58 [main] INFO  97ogger -Envers integration enabled? : true
26-01-16 11:51:00 [main] WARN  155ogger -HHH90001006: Missing cache[hibernate.cache.default-update-timestamps-region] was created on-the-fly. The created cache will use a provider-specific default configuration: make sure you defined one. You can disable this warning by setting 'hibernate.cache.ehcache.missing_cache_strategy' to 'create'.
26-01-16 11:51:00 [main] WARN  155ogger -HHH90001006: Missing cache[hibernate.cache.default-query-results-region] was created on-the-fly. The created cache will use a provider-specific default configuration: make sure you defined one. You can disable this warning by setting 'hibernate.cache.ehcache.missing_cache_strategy' to 'create'.
26-01-16 11:51:00 [main] WARN  155ogger -HHH90001006: Missing cache[hibernate.cache.com.entity.LoggedIn] was created on-the-fly. The created cache will use a provider-specific default configuration: make sure you defined one. You can disable this warning by setting 'hibernate.cache.ehcache.missing_cache_strategy' to 'create'.
26-01-16 11:51:00 [main] WARN  155ogger -HHH90001006: Missing cache[hibernate.cache.com.entity.Countries] was created on-the-fly. The created cache will use a provider-specific default configuration: make sure you defined one. You can disable this warning by setting 'hibernate.cache.ehcache.missing_cache_strategy' to 'create'.
26-01-16 11:51:00 [main] WARN  155ogger -HHH90001006: Missing cache[hibernate.cache.com.entity.Users] was created on-the-fly. The created cache will use a provider-specific default configuration: make sure you defined one. You can disable this warning by setting 'hibernate.cache.ehcache.missing_cache_strategy' to 'create'.
26-01-16 11:51:00 [main] WARN  155ogger -HHH90001006: Missing cache[hibernate.cache.com.entity.Districts] was created on-the-fly. The created cache will use a provider-specific default configuration: make sure you defined one. You can disable this warning by setting 'hibernate.cache.ehcache.missing_cache_strategy' to 'create'.
26-01-16 11:51:00 [main] WARN  155ogger -HHH90001006: Missing cache[hibernate.cache.com.entity.Provinces] was created on-the-fly. The created cache will use a provider-specific default configuration: make sure you defined one. You can disable this warning by setting 'hibernate.cache.ehcache.missing_cache_strategy' to 'create'.
26-01-16 11:51:01 [main] INFO  47ogger -HHH10001501: Connection obtained from JdbcConnectionAccess [org.hibernate.engine.jdbc.env.internal.JdbcEnvironmentInitiator$ConnectionProviderJdbcConnectionAccess@216906a0] for (non-JTA) DDL execution was not in auto-commit mode; the Connection 'local transaction' will be committed and the Connection will be set into auto-commit mode.
26-01-16 11:51:01 [main] INFO  52ogger -HHH000490: Using JtaPlatform implementation: [org.hibernate.engine.transaction.jta.platform.internal.NoJtaPlatform]
26-01-16 11:51:20 [http-nio-8080-exec-5] INFO  379ogger -User Login SuccessFully Ali IP Address Is :0:0:0:0:0:0:0:1
26-01-16 11:51:32 [http-nio-8080-exec-9] INFO  455ogger -Logout SuccessFullAli
26-01-16 11:52:07 [http-nio-8080-exec-6] INFO  379ogger -User Login SuccessFully Muhammad Rafay IP Address Is :0:0:0:0:0:0:0:1
26-01-16 11:52:15 [http-nio-8080-exec-1] INFO  455ogger -Logout SuccessFullMuhammad Rafay
26-01-16 11:55:28 [Catalina-utility-2] INFO  44ogger -HHH000412: Hibernate ORM core version 5.4.33
26-01-16 11:55:29 [Catalina-utility-2] WARN  60ogger -HHH020100: The Ehcache second-level cache provider for Hibernate is deprecated.  See https://hibernate.atlassian.net/browse/HHH-12441 for details.
26-01-16 11:55:29 [Catalina-utility-2] INFO  56ogger -HCANN000001: Hibernate Commons Annotations {5.1.2.Final}
26-01-16 11:55:29 [Catalina-utility-2] WARN  72ogger -HHH10001002: Using Hibernate built-in connection pool (not for production use!)
26-01-16 11:55:29 [Catalina-utility-2] INFO  115ogger -HHH10001005: using driver [com.mysql.cj.jdbc.Driver] at URL [jdbc:mysql://localhost:3306/nadra_system]
26-01-16 11:55:29 [Catalina-utility-2] INFO  124ogger -HHH10001001: Connection properties: {password=****, user=root}
26-01-16 11:55:29 [Catalina-utility-2] INFO  129ogger -HHH10001003: Autocommit mode: false
26-01-16 11:55:29 [Catalina-utility-2] INFO  259ogger -HHH000115: Hibernate connection pool size: 20 (min=1)
26-01-16 11:55:30 [Catalina-utility-2] INFO  175ogger -HHH000400: Using dialect: org.hibernate.dialect.MySQL5Dialect
26-01-16 11:55:30 [Catalina-utility-2] INFO  97ogger -Envers integration enabled? : true
26-01-16 11:55:31 [Catalina-utility-2] WARN  155ogger -HHH90001006: Missing cache[hibernate.cache.default-update-timestamps-region] was created on-the-fly. The created cache will use a provider-specific default configuration: make sure you defined one. You can disable this warning by setting 'hibernate.cache.ehcache.missing_cache_strategy' to 'create'.
26-01-16 11:55:31 [Catalina-utility-2] WARN  155ogger -HHH90001006: Missing cache[hibernate.cache.default-query-results-region] was created on-the-fly. The created cache will use a provider-specific default configuration: make sure you defined one. You can disable this warning by setting 'hibernate.cache.ehcache.missing_cache_strategy' to 'create'.
26-01-16 11:55:31 [Catalina-utility-2] WARN  155ogger -HHH90001006: Missing cache[hibernate.cache.com.entity.Countries] was created on-the-fly. The created cache will use a provider-specific default configuration: make sure you defined one. You can disable this warning by setting 'hibernate.cache.ehcache.missing_cache_strategy' to 'create'.
26-01-16 11:55:31 [Catalina-utility-2] WARN  155ogger -HHH90001006: Missing cache[hibernate.cache.com.entity.Provinces] was created on-the-fly. The created cache will use a provider-specific default configuration: make sure you defined one. You can disable this warning by setting 'hibernate.cache.ehcache.missing_cache_strategy' to 'create'.
26-01-16 11:55:31 [Catalina-utility-2] WARN  155ogger -HHH90001006: Missing cache[hibernate.cache.com.entity.Users] was created on-the-fly. The created cache will use a provider-specific default configuration: make sure you defined one. You can disable this warning by setting 'hibernate.cache.ehcache.missing_cache_strategy' to 'create'.
26-01-16 11:55:31 [Catalina-utility-2] WARN  155ogger -HHH90001006: Missing cache[hibernate.cache.com.entity.Districts] was created on-the-fly. The created cache will use a provider-specific default configuration: make sure you defined one. You can disable this warning by setting 'hibernate.cache.ehcache.missing_cache_strategy' to 'create'.
26-01-16 11:55:31 [Catalina-utility-2] WARN  155ogger -HHH90001006: Missing cache[hibernate.cache.com.entity.LoggedIn] was created on-the-fly. The created cache will use a provider-specific default configuration: make sure you defined one. You can disable this warning by setting 'hibernate.cache.ehcache.missing_cache_strategy' to 'create'.
26-01-16 11:55:32 [Catalina-utility-2] INFO  47ogger -HHH10001501: Connection obtained from JdbcConnectionAccess [org.hibernate.engine.jdbc.env.internal.JdbcEnvironmentInitiator$ConnectionProviderJdbcConnectionAccess@42d95896] for (non-JTA) DDL execution was not in auto-commit mode; the Connection 'local transaction' will be committed and the Connection will be set into auto-commit mode.
26-01-16 11:55:32 [Catalina-utility-2] INFO  52ogger -HHH000490: Using JtaPlatform implementation: [org.hibernate.engine.transaction.jta.platform.internal.NoJtaPlatform]
26-01-16 11:55:37 [main] INFO  44ogger -HHH000412: Hibernate ORM core version 5.4.33
26-01-16 11:55:38 [main] WARN  60ogger -HHH020100: The Ehcache second-level cache provider for Hibernate is deprecated.  See https://hibernate.atlassian.net/browse/HHH-12441 for details.
26-01-16 11:55:38 [main] INFO  56ogger -HCANN000001: Hibernate Commons Annotations {5.1.2.Final}
26-01-16 11:55:38 [main] WARN  72ogger -HHH10001002: Using Hibernate built-in connection pool (not for production use!)
26-01-16 11:55:38 [main] INFO  115ogger -HHH10001005: using driver [com.mysql.cj.jdbc.Driver] at URL [jdbc:mysql://localhost:3306/nadra_system]
26-01-16 11:55:38 [main] INFO  124ogger -HHH10001001: Connection properties: {password=****, user=root}
26-01-16 11:55:38 [main] INFO  129ogger -HHH10001003: Autocommit mode: false
26-01-16 11:55:38 [main] INFO  259ogger -HHH000115: Hibernate connection pool size: 20 (min=1)
26-01-16 11:55:38 [main] INFO  175ogger -HHH000400: Using dialect: org.hibernate.dialect.MySQL5Dialect
26-01-16 11:55:38 [main] INFO  97ogger -Envers integration enabled? : true
26-01-16 11:55:40 [main] WARN  155ogger -HHH90001006: Missing cache[hibernate.cache.default-update-timestamps-region] was created on-the-fly. The created cache will use a provider-specific default configuration: make sure you defined one. You can disable this warning by setting 'hibernate.cache.ehcache.missing_cache_strategy' to 'create'.
26-01-16 11:55:40 [main] WARN  155ogger -HHH90001006: Missing cache[hibernate.cache.default-query-results-region] was created on-the-fly. The created cache will use a provider-specific default configuration: make sure you defined one. You can disable this warning by setting 'hibernate.cache.ehcache.missing_cache_strategy' to 'create'.
26-01-16 11:55:40 [main] WARN  155ogger -HHH90001006: Missing cache[hibernate.cache.com.entity.Users] was created on-the-fly. The created cache will use a provider-specific default configuration: make sure you defined one. You can disable this warning by setting 'hibernate.cache.ehcache.missing_cache_strategy' to 'create'.
26-01-16 11:55:40 [main] WARN  155ogger -HHH90001006: Missing cache[hibernate.cache.com.entity.Provinces] was created on-the-fly. The created cache will use a provider-specific default configuration: make sure you defined one. You can disable this warning by setting 'hibernate.cache.ehcache.missing_cache_strategy' to 'create'.
26-01-16 11:55:40 [main] WARN  155ogger -HHH90001006: Missing cache[hibernate.cache.com.entity.Countries] was created on-the-fly. The created cache will use a provider-specific default configuration: make sure you defined one. You can disable this warning by setting 'hibernate.cache.ehcache.missing_cache_strategy' to 'create'.
26-01-16 11:55:40 [main] WARN  155ogger -HHH90001006: Missing cache[hibernate.cache.com.entity.Districts] was created on-the-fly. The created cache will use a provider-specific default configuration: make sure you defined one. You can disable this warning by setting 'hibernate.cache.ehcache.missing_cache_strategy' to 'create'.
26-01-16 11:55:40 [main] WARN  155ogger -HHH90001006: Missing cache[hibernate.cache.com.entity.LoggedIn] was created on-the-fly. The created cache will use a provider-specific default configuration: make sure you defined one. You can disable this warning by setting 'hibernate.cache.ehcache.missing_cache_strategy' to 'create'.
26-01-16 11:55:41 [main] INFO  47ogger -HHH10001501: Connection obtained from JdbcConnectionAccess [org.hibernate.engine.jdbc.env.internal.JdbcEnvironmentInitiator$ConnectionProviderJdbcConnectionAccess@f758e05] for (non-JTA) DDL execution was not in auto-commit mode; the Connection 'local transaction' will be committed and the Connection will be set into auto-commit mode.
26-01-16 11:55:41 [main] INFO  52ogger -HHH000490: Using JtaPlatform implementation: [org.hibernate.engine.transaction.jta.platform.internal.NoJtaPlatform]
26-01-16 11:56:19 [http-nio-8080-exec-1] INFO  381ogger -User Login SuccessFully Ali IP Address Is :0:0:0:0:0:0:0:1
26-01-16 11:57:37 [main] INFO  44ogger -HHH000412: Hibernate ORM core version 5.4.33
26-01-16 11:57:39 [main] WARN  60ogger -HHH020100: The Ehcache second-level cache provider for Hibernate is deprecated.  See https://hibernate.atlassian.net/browse/HHH-12441 for details.
26-01-16 11:57:39 [main] INFO  56ogger -HCANN000001: Hibernate Commons Annotations {5.1.2.Final}
26-01-16 11:57:40 [main] WARN  72ogger -HHH10001002: Using Hibernate built-in connection pool (not for production use!)
26-01-16 11:57:40 [main] INFO  115ogger -HHH10001005: using driver [com.mysql.cj.jdbc.Driver] at URL [jdbc:mysql://localhost:3306/nadra_system]
26-01-16 11:57:40 [main] INFO  124ogger -HHH10001001: Connection properties: {password=****, user=root}
26-01-16 11:57:40 [main] INFO  129ogger -HHH10001003: Autocommit mode: false
26-01-16 11:57:40 [main] INFO  259ogger -HHH000115: Hibernate connection pool size: 20 (min=1)
26-01-16 11:57:40 [main] INFO  175ogger -HHH000400: Using dialect: org.hibernate.dialect.MySQL5Dialect
26-01-16 11:57:40 [main] INFO  97ogger -Envers integration enabled? : true
26-01-16 11:57:43 [main] WARN  155ogger -HHH90001006: Missing cache[hibernate.cache.default-update-timestamps-region] was created on-the-fly. The created cache will use a provider-specific default configuration: make sure you defined one. You can disable this warning by setting 'hibernate.cache.ehcache.missing_cache_strategy' to 'create'.
26-01-16 11:57:43 [main] WARN  155ogger -HHH90001006: Missing cache[hibernate.cache.default-query-results-region] was created on-the-fly. The created cache will use a provider-specific default configuration: make sure you defined one. You can disable this warning by setting 'hibernate.cache.ehcache.missing_cache_strategy' to 'create'.
26-01-16 11:57:43 [main] WARN  155ogger -HHH90001006: Missing cache[hibernate.cache.com.entity.LoggedIn] was created on-the-fly. The created cache will use a provider-specific default configuration: make sure you defined one. You can disable this warning by setting 'hibernate.cache.ehcache.missing_cache_strategy' to 'create'.
26-01-16 11:57:43 [main] WARN  155ogger -HHH90001006: Missing cache[hibernate.cache.com.entity.Countries] was created on-the-fly. The created cache will use a provider-specific default configuration: make sure you defined one. You can disable this warning by setting 'hibernate.cache.ehcache.missing_cache_strategy' to 'create'.
26-01-16 11:57:43 [main] WARN  155ogger -HHH90001006: Missing cache[hibernate.cache.com.entity.Users] was created on-the-fly. The created cache will use a provider-specific default configuration: make sure you defined one. You can disable this warning by setting 'hibernate.cache.ehcache.missing_cache_strategy' to 'create'.
26-01-16 11:57:43 [main] WARN  155ogger -HHH90001006: Missing cache[hibernate.cache.com.entity.Districts] was created on-the-fly. The created cache will use a provider-specific default configuration: make sure you defined one. You can disable this warning by setting 'hibernate.cache.ehcache.missing_cache_strategy' to 'create'.
26-01-16 11:57:43 [main] WARN  155ogger -HHH90001006: Missing cache[hibernate.cache.com.entity.Provinces] was created on-the-fly. The created cache will use a provider-specific default configuration: make sure you defined one. You can disable this warning by setting 'hibernate.cache.ehcache.missing_cache_strategy' to 'create'.
26-01-16 11:57:45 [main] INFO  47ogger -HHH10001501: Connection obtained from JdbcConnectionAccess [org.hibernate.engine.jdbc.env.internal.JdbcEnvironmentInitiator$ConnectionProviderJdbcConnectionAccess@216906a0] for (non-JTA) DDL execution was not in auto-commit mode; the Connection 'local transaction' will be committed and the Connection will be set into auto-commit mode.
26-01-16 11:57:45 [main] INFO  52ogger -HHH000490: Using JtaPlatform implementation: [org.hibernate.engine.transaction.jta.platform.internal.NoJtaPlatform]
26-01-16 11:57:54 [http-nio-8080-exec-3] INFO  381ogger -User Login SuccessFully Ali IP Address Is :0:0:0:0:0:0:0:1
26-01-16 11:58:30 [main] INFO  44ogger -HHH000412: Hibernate ORM core version 5.4.33
26-01-16 11:58:31 [main] WARN  60ogger -HHH020100: The Ehcache second-level cache provider for Hibernate is deprecated.  See https://hibernate.atlassian.net/browse/HHH-12441 for details.
26-01-16 11:58:31 [main] INFO  56ogger -HCANN000001: Hibernate Commons Annotations {5.1.2.Final}
26-01-16 11:58:32 [main] WARN  72ogger -HHH10001002: Using Hibernate built-in connection pool (not for production use!)
26-01-16 11:58:32 [main] INFO  115ogger -HHH10001005: using driver [com.mysql.cj.jdbc.Driver] at URL [jdbc:mysql://localhost:3306/nadra_system]
26-01-16 11:58:32 [main] INFO  124ogger -HHH10001001: Connection properties: {password=****, user=root}
26-01-16 11:58:32 [main] INFO  129ogger -HHH10001003: Autocommit mode: false
26-01-16 11:58:32 [main] INFO  259ogger -HHH000115: Hibernate connection pool size: 20 (min=1)
26-01-16 11:58:32 [main] INFO  175ogger -HHH000400: Using dialect: org.hibernate.dialect.MySQL5Dialect
26-01-16 11:58:32 [main] INFO  97ogger -Envers integration enabled? : true
26-01-16 11:58:33 [main] WARN  155ogger -HHH90001006: Missing cache[hibernate.cache.default-update-timestamps-region] was created on-the-fly. The created cache will use a provider-specific default configuration: make sure you defined one. You can disable this warning by setting 'hibernate.cache.ehcache.missing_cache_strategy' to 'create'.
26-01-16 11:58:33 [main] WARN  155ogger -HHH90001006: Missing cache[hibernate.cache.default-query-results-region] was created on-the-fly. The created cache will use a provider-specific default configuration: make sure you defined one. You can disable this warning by setting 'hibernate.cache.ehcache.missing_cache_strategy' to 'create'.
26-01-16 11:58:34 [main] WARN  155ogger -HHH90001006: Missing cache[hibernate.cache.com.entity.LoggedIn] was created on-the-fly. The created cache will use a provider-specific default configuration: make sure you defined one. You can disable this warning by setting 'hibernate.cache.ehcache.missing_cache_strategy' to 'create'.
26-01-16 11:58:34 [main] WARN  155ogger -HHH90001006: Missing cache[hibernate.cache.com.entity.Countries] was created on-the-fly. The created cache will use a provider-specific default configuration: make sure you defined one. You can disable this warning by setting 'hibernate.cache.ehcache.missing_cache_strategy' to 'create'.
26-01-16 11:58:34 [main] WARN  155ogger -HHH90001006: Missing cache[hibernate.cache.com.entity.Users] was created on-the-fly. The created cache will use a provider-specific default configuration: make sure you defined one. You can disable this warning by setting 'hibernate.cache.ehcache.missing_cache_strategy' to 'create'.
26-01-16 11:58:34 [main] WARN  155ogger -HHH90001006: Missing cache[hibernate.cache.com.entity.Districts] was created on-the-fly. The created cache will use a provider-specific default configuration: make sure you defined one. You can disable this warning by setting 'hibernate.cache.ehcache.missing_cache_strategy' to 'create'.
26-01-16 11:58:34 [main] WARN  155ogger -HHH90001006: Missing cache[hibernate.cache.com.entity.Provinces] was created on-the-fly. The created cache will use a provider-specific default configuration: make sure you defined one. You can disable this warning by setting 'hibernate.cache.ehcache.missing_cache_strategy' to 'create'.
26-01-16 11:58:34 [main] INFO  47ogger -HHH10001501: Connection obtained from JdbcConnectionAccess [org.hibernate.engine.jdbc.env.internal.JdbcEnvironmentInitiator$ConnectionProviderJdbcConnectionAccess@216906a0] for (non-JTA) DDL execution was not in auto-commit mode; the Connection 'local transaction' will be committed and the Connection will be set into auto-commit mode.
26-01-16 11:58:35 [main] INFO  52ogger -HHH000490: Using JtaPlatform implementation: [org.hibernate.engine.transaction.jta.platform.internal.NoJtaPlatform]
26-01-16 11:59:02 [http-nio-8080-exec-1] INFO  382ogger -User Login SuccessFully Ali IP Address Is :0:0:0:0:0:0:0:1
26-01-16 11:59:10 [http-nio-8080-exec-3] INFO  458ogger -Logout SuccessFullAli
26-01-16 11:59:15 [http-nio-8080-exec-5] INFO  382ogger -User Login SuccessFully Ali IP Address Is :0:0:0:0:0:0:0:1
26-01-16 11:59:34 [http-nio-8080-exec-6] INFO  382ogger -User Login SuccessFully Ali IP Address Is :0:0:0:0:0:0:0:1
26-01-16 12:00:02 [http-nio-8080-exec-3] INFO  382ogger -User Login SuccessFully Muhammad Rafay IP Address Is :0:0:0:0:0:0:0:1
26-01-16 12:00:07 [Catalina-utility-1] INFO  44ogger -HHH000412: Hibernate ORM core version 5.4.33
26-01-16 12:00:09 [Catalina-utility-1] WARN  60ogger -HHH020100: The Ehcache second-level cache provider for Hibernate is deprecated.  See https://hibernate.atlassian.net/browse/HHH-12441 for details.
26-01-16 12:00:09 [Catalina-utility-1] INFO  56ogger -HCANN000001: Hibernate Commons Annotations {5.1.2.Final}
26-01-16 12:00:09 [Catalina-utility-1] WARN  72ogger -HHH10001002: Using Hibernate built-in connection pool (not for production use!)
26-01-16 12:00:09 [Catalina-utility-1] INFO  115ogger -HHH10001005: using driver [com.mysql.cj.jdbc.Driver] at URL [jdbc:mysql://localhost:3306/nadra_system]
26-01-16 12:00:09 [Catalina-utility-1] INFO  124ogger -HHH10001001: Connection properties: {password=****, user=root}
26-01-16 12:00:09 [Catalina-utility-1] INFO  129ogger -HHH10001003: Autocommit mode: false
26-01-16 12:00:09 [Catalina-utility-1] INFO  259ogger -HHH000115: Hibernate connection pool size: 20 (min=1)
26-01-16 12:00:10 [Catalina-utility-1] INFO  175ogger -HHH000400: Using dialect: org.hibernate.dialect.MySQL5Dialect
26-01-16 12:00:10 [Catalina-utility-1] INFO  97ogger -Envers integration enabled? : true
26-01-16 12:00:13 [Catalina-utility-1] WARN  155ogger -HHH90001006: Missing cache[hibernate.cache.default-update-timestamps-region] was created on-the-fly. The created cache will use a provider-specific default configuration: make sure you defined one. You can disable this warning by setting 'hibernate.cache.ehcache.missing_cache_strategy' to 'create'.
26-01-16 12:00:13 [Catalina-utility-1] WARN  155ogger -HHH90001006: Missing cache[hibernate.cache.default-query-results-region] was created on-the-fly. The created cache will use a provider-specific default configuration: make sure you defined one. You can disable this warning by setting 'hibernate.cache.ehcache.missing_cache_strategy' to 'create'.
26-01-16 12:00:13 [Catalina-utility-1] WARN  155ogger -HHH90001006: Missing cache[hibernate.cache.com.entity.Users] was created on-the-fly. The created cache will use a provider-specific default configuration: make sure you defined one. You can disable this warning by setting 'hibernate.cache.ehcache.missing_cache_strategy' to 'create'.
26-01-16 12:00:13 [Catalina-utility-1] WARN  155ogger -HHH90001006: Missing cache[hibernate.cache.com.entity.Districts] was created on-the-fly. The created cache will use a provider-specific default configuration: make sure you defined one. You can disable this warning by setting 'hibernate.cache.ehcache.missing_cache_strategy' to 'create'.
26-01-16 12:00:13 [Catalina-utility-1] WARN  155ogger -HHH90001006: Missing cache[hibernate.cache.com.entity.LoggedIn] was created on-the-fly. The created cache will use a provider-specific default configuration: make sure you defined one. You can disable this warning by setting 'hibernate.cache.ehcache.missing_cache_strategy' to 'create'.
26-01-16 12:00:13 [Catalina-utility-1] WARN  155ogger -HHH90001006: Missing cache[hibernate.cache.com.entity.Countries] was created on-the-fly. The created cache will use a provider-specific default configuration: make sure you defined one. You can disable this warning by setting 'hibernate.cache.ehcache.missing_cache_strategy' to 'create'.
26-01-16 12:00:13 [Catalina-utility-1] WARN  155ogger -HHH90001006: Missing cache[hibernate.cache.com.entity.Provinces] was created on-the-fly. The created cache will use a provider-specific default configuration: make sure you defined one. You can disable this warning by setting 'hibernate.cache.ehcache.missing_cache_strategy' to 'create'.
26-01-16 12:00:14 [Catalina-utility-1] INFO  47ogger -HHH10001501: Connection obtained from JdbcConnectionAccess [org.hibernate.engine.jdbc.env.internal.JdbcEnvironmentInitiator$ConnectionProviderJdbcConnectionAccess@3213abc4] for (non-JTA) DDL execution was not in auto-commit mode; the Connection 'local transaction' will be committed and the Connection will be set into auto-commit mode.
26-01-16 12:00:15 [Catalina-utility-1] INFO  52ogger -HHH000490: Using JtaPlatform implementation: [org.hibernate.engine.transaction.jta.platform.internal.NoJtaPlatform]
26-01-16 12:00:21 [http-nio-8080-exec-6] INFO  382ogger -User Login SuccessFully Muhammad Rafay IP Address Is :0:0:0:0:0:0:0:1
26-01-16 12:00:30 [http-nio-8080-exec-9] WARN  331ogger -Invalid CrendentialsnullPasswordnull
26-01-16 12:00:56 [http-nio-8080-exec-3] INFO  428ogger -Login From Another BrowserMuhammad Rafay
26-01-16 12:08:02 [http-nio-8080-exec-11] INFO  382ogger -User Login SuccessFully Ali IP Address Is :0:0:0:0:0:0:0:1
26-01-16 12:08:09 [http-nio-8080-exec-16] INFO  428ogger -Login From Another BrowserAli
